// Jest Snapshot v1, https://goo.gl/fbAQLP

exports[`<Search /> should render a search component 1`] = `ShallowWrapper {}`;
